<html>
<body>
<pre>
<h1>µVision Build Log</h1>
<h2>Tool Versions:</h2>
IDE-Version: µVision V5.39.0.0
Copyright (C) 2023 ARM Ltd and ARM Germany GmbH. All rights reserved.
License Information: VU TUAN ANH, VTA, LIC=----
 
Tool Versions:
Toolchain:       MDK-Lite  Version: 5.39.0.0
Toolchain Path:  E:\NMHTN\ARM\ARMCLANG\Bin
C Compiler:      ArmClang.exe V6.21
Assembler:       Armasm.exe V6.21
Linker/Locator:  ArmLink.exe V6.21
Library Manager: ArmAr.exe V6.21
Hex Converter:   FromElf.exe V6.21
CPU DLL:         SARMCM3.DLL V5.39.0.0
Dialog DLL:      DCM.DLL V1.17.5.0
Target DLL:      STLink\ST-LINKIII-KEIL_SWO.dll V3.2.0.0
Dialog DLL:      TCM.DLL V1.56.4.0
 
<h2>Project:</h2>
E:\Stm32\daq_STM32\daq.uvprojx
Project File Date:  04/13/2024

<h2>Output:</h2>
*** Using Compiler 'V6.21', folder: 'E:\NMHTN\ARM\ARMCLANG\Bin'
Build target 'Target 1'
main.c(1): warning: In file included from...
E:/NMHTN/Pack/Keil/STM32F1xx_DFP/2.4.1/Device/Include\stm32f10x.h(18): warning: invalid UTF-8 in comment [-Winvalid-utf8]
   18 |   *              - To use or not the peripheral<92>s drivers in application code(i.e. 
      |                                                ^
E:/NMHTN/Pack/Keil/STM32F1xx_DFP/2.4.1/Device/Include\stm32f10x.h(19): warning: invalid UTF-8 in comment [-Winvalid-utf8]
   19 |   *                code will be based on direct access to peripheral<92>s registers 
      |                                                                     ^
E:/NMHTN/Pack/Keil/STM32F1xx_DFP/2.4.1/Device/Include\stm32f10x.h(26): warning: invalid UTF-8 in comment [-Winvalid-utf8]
   26 |   *           - Macros to access peripheral<92>s registers hardware
      |                                            ^
main.c(16): warning: a function declaration without a prototype is deprecated in all versions of C [-Wstrict-prototypes]
   16 | int main() {
      |         ^
      |          void
main.c(20): warning: mixing declarations and code is incompatible with standards before C99 [-Wdeclaration-after-statement]
   20 |         uint8_t RH_integral, RH_decimal, T_integral, T_decimal, checksum;
      |                 ^
main.c(44): warning: implicit conversion changes signedness: 'int' to 'uint32_t' (aka 'unsigned int') [-Wsign-conversion]
   44 |         GPIOA->CRL &= ~((0x3 << 0) | (0x3 << 2));
      |                    ~~ ^~~~~~~~~~~~~~~~~~~~~~~~~~
main.c(54): warning: implicit conversion changes signedness: 'int' to 'uint32_t' (aka 'unsigned int') [-Wsign-conversion]
   54 |         GPIOA->CRL &= ~((0x3<<0)|(0x3<<2)); 
      |                    ~~ ^~~~~~~~~~~~~~~~~~~~
main.c(61): warning: implicit conversion changes signedness: 'int' to 'uint32_t' (aka 'unsigned int') [-Wsign-conversion]
   61 |         GPIOA->CRL &= ~(0x3 << 2); 
      |                    ~~ ^~~~~~~~~~~
main.c(96): warning: while loop has empty body [-Wempty-body]
   96 |      while (!read_GPIO());
      |                          ^
main.c(96): note: put the semicolon on a separate line to silence this warning
main.c(121): warning: implicit conversion changes signedness: 'int' to 'uint32_t' (aka 'unsigned int') [-Wsign-conversion]
  121 |    GPIOA->CRH &= ~((0x0F) << (4 * (9 - 8))); 
      |               ~~ ^~~~~~~~~~~~~~~~~~~~~~~~~~
main.c(131): warning: unsafe pointer arithmetic [-Wunsafe-buffer-usage]
  131 |         USART1->DR = (uint8_t)(*str++); 
      |                                 ^~~
11 warnings generated.
compiling main.c...
linking...
Program Size: Code=8532 RO-data=880 RW-data=4 ZI-data=1632  
".\Objects\daq.axf" - 0 Error(s), 11 Warning(s).

<h2>Software Packages used:</h2>

Package Vendor: ARM
                http://www.keil.com/pack/ARM.CMSIS.5.9.0.pack
                ARM::CMSIS@5.9.0
                CMSIS (Common Microcontroller Software Interface Standard)
   * Component: CORE Version: 5.6.0

Package Vendor: Keil
                https://www.keil.com/pack/Keil.STM32F1xx_DFP.2.4.1.pack
                Keil::STM32F1xx_DFP@2.4.1
                STMicroelectronics STM32F1 Series Device Support, Drivers and Examples
   * Component: GPIO Version: 1.3
   * Component: Startup Version: 1.0.0

<h2>Collection of Component include folders:</h2>
  ./RTE/Device/STM32F103C8
  ./RTE/_Target_1
  E:/NMHTN/Pack/ARM/CMSIS/5.9.0/CMSIS/Core/Include
  E:/NMHTN/Pack/Keil/STM32F1xx_DFP/2.4.1/Device/Include
  E:/NMHTN/Pack/Keil/STM32F1xx_DFP/2.4.1/RTE_Driver

<h2>Collection of Component Files used:</h2>

   * Component: ARM::CMSIS:CORE@5.6.0

   * Component: Keil::Device:GPIO@1.3
      Source file:   RTE_Driver/GPIO_STM32F10x.c
      Include file:  RTE_Driver/GPIO_STM32F10x.h

   * Component: Keil::Device:Startup@1.0.0
      Source file:   Device/Source/ARM/STM32F1xx_OPT.s
      Include file:  RTE_Driver/Config/RTE_Device.h
      Source file:   Device/Source/ARM/startup_stm32f10x_md.s
      Source file:   Device/Source/system_stm32f10x.c
Build Time Elapsed:  00:00:01
</pre>
</body>
</html>
